	.cpu cortex-m3
	.eabi_attribute 20, 1
	.eabi_attribute 21, 1
	.eabi_attribute 23, 3
	.eabi_attribute 24, 1
	.eabi_attribute 25, 1
	.eabi_attribute 26, 1
	.eabi_attribute 30, 4
	.eabi_attribute 34, 1
	.eabi_attribute 18, 4
	.file	"main.cpp"
	.section	.text._ZN5hwcpp12invert_valueEb,"ax",%progbits
	.align	1
	.global	_ZN5hwcpp12invert_valueEb
	.syntax unified
	.thumb
	.thumb_func
	.fpu softvfp
	.type	_ZN5hwcpp12invert_valueEb, %function
_ZN5hwcpp12invert_valueEb:
	@ args = 0, pretend = 0, frame = 0
	@ frame_needed = 0, uses_anonymous_args = 0
	@ link register save eliminated.
	eor	r0, r0, #1
	bx	lr
	.size	_ZN5hwcpp12invert_valueEb, .-_ZN5hwcpp12invert_valueEb
	.section	.text._Z4waiti,"ax",%progbits
	.align	1
	.global	_Z4waiti
	.syntax unified
	.thumb
	.thumb_func
	.fpu softvfp
	.type	_Z4waiti, %function
_Z4waiti:
	@ args = 0, pretend = 0, frame = 8
	@ frame_needed = 0, uses_anonymous_args = 0
	@ link register save eliminated.
	movs	r3, #0
	sub	sp, sp, #8
.L5:
	str	r3, [sp, #4]
	ldr	r3, [sp, #4]
	cmp	r3, r0
	bge	.L2
	ldr	r3, [sp, #4]
	adds	r3, r3, #1
	b	.L5
.L2:
	add	sp, sp, #8
	@ sp needed
	bx	lr
	.size	_Z4waiti, .-_Z4waiti
	.section	.text.startup.main,"ax",%progbits
	.align	1
	.global	main
	.syntax unified
	.thumb
	.thumb_func
	.fpu softvfp
	.type	main, %function
main:
	@ Volatile: function does not return.
	@ args = 0, pretend = 0, frame = 0
	@ frame_needed = 0, uses_anonymous_args = 0
	push	{r3, lr}
	ldr	r3, .L9
	ldrb	r2, [r3]	@ zero_extendqisi2
	cbnz	r2, .L7
	movs	r2, #1
	strb	r2, [r3]
	mov	r2, #32768
	ldr	r3, .L9+4
	str	r2, [r3, #4]
	mov	r2, #129024
	sub	r3, r3, #5184
	subs	r3, r3, #16
	str	r2, [r3, #16]
.L7:
	mov	r1, #134217728
	mov	r4, r1
	ldr	r2, .L9+8
	str	r1, [r2, #16]
.L8:
	str	r4, [r2, #48]
	movw	r0, #50000
	bl	_Z4waiti
	ldr	r0, .L9+12
	str	r1, [r2, #52]
	bl	_Z4waiti
	b	.L8
.L10:
	.align	2
.L9:
	.word	.LANCHOR0
	.word	1074666064
	.word	1074663424
	.word	200000
	.size	main, .-main
	.section	.bss._ZZN5hwcpp6sam3xaL4initEvE4done,"aw",%nobits
	.set	.LANCHOR0,. + 0
	.type	_ZZN5hwcpp6sam3xaL4initEvE4done, %object
	.size	_ZZN5hwcpp6sam3xaL4initEvE4done, 1
_ZZN5hwcpp6sam3xaL4initEvE4done:
	.space	1
	.ident	"GCC: (GNU) 7.2.0"
